=== RUN   TestParseAmount
=== RUN   TestParseAmount/Ksh_with_comma
=== RUN   TestParseAmount/Ksh_no_comma
=== RUN   TestParseAmount/Ksh_with_space
=== RUN   TestParseAmount/KES_uppercase
=== RUN   TestParseAmount/KES_with_space
=== RUN   TestParseAmount/lowercase_ksh
=== RUN   TestParseAmount/plain_number
=== RUN   TestParseAmount/number_with_comma
=== RUN   TestParseAmount/empty_string
=== RUN   TestParseAmount/invalid
--- PASS: TestParseAmount (0.00s)
    --- PASS: TestParseAmount/Ksh_with_comma (0.00s)
    --- PASS: TestParseAmount/Ksh_no_comma (0.00s)
    --- PASS: TestParseAmount/Ksh_with_space (0.00s)
    --- PASS: TestParseAmount/KES_uppercase (0.00s)
    --- PASS: TestParseAmount/KES_with_space (0.00s)
    --- PASS: TestParseAmount/lowercase_ksh (0.00s)
    --- PASS: TestParseAmount/plain_number (0.00s)
    --- PASS: TestParseAmount/number_with_comma (0.00s)
    --- PASS: TestParseAmount/empty_string (0.00s)
    --- PASS: TestParseAmount/invalid (0.00s)
=== RUN   TestParseSingleLog_MPesa
=== RUN   TestParseSingleLog_MPesa/M-Pesa_received
    parser_test.go:87: RefCode = 1234ABCDEF, want UA1234ABCDEF
=== RUN   TestParseSingleLog_MPesa/M-Pesa_sent
    parser_test.go:87: RefCode = 5678EFGHIJ, want UA5678EFGHIJ
=== RUN   TestParseSingleLog_MPesa/M-Pesa_paybill
    parser_test.go:87: RefCode = 9999XYZABC, want UA9999XYZABC
=== RUN   TestParseSingleLog_MPesa/M-Pesa_received_(QKJ_prefix)
--- FAIL: TestParseSingleLog_MPesa (0.00s)
    --- FAIL: TestParseSingleLog_MPesa/M-Pesa_received (0.00s)
    --- FAIL: TestParseSingleLog_MPesa/M-Pesa_sent (0.00s)
    --- FAIL: TestParseSingleLog_MPesa/M-Pesa_paybill (0.00s)
    --- PASS: TestParseSingleLog_MPesa/M-Pesa_received_(QKJ_prefix) (0.00s)
=== RUN   TestParseSingleLog_Fuliza
=== RUN   TestParseSingleLog_Fuliza/Fuliza_loan
=== RUN   TestParseSingleLog_Fuliza/Fuliza_repay
--- PASS: TestParseSingleLog_Fuliza (0.00s)
    --- PASS: TestParseSingleLog_Fuliza/Fuliza_loan (0.00s)
    --- PASS: TestParseSingleLog_Fuliza/Fuliza_repay (0.00s)
=== RUN   TestParseSingleLog_Airtel
=== RUN   TestParseSingleLog_Airtel/Airtel_received
=== RUN   TestParseSingleLog_Airtel/Airtel_sent
    parser_test.go:161: parseSingleLog() error = no pattern matched for log
=== RUN   TestParseSingleLog_Airtel/Airtel_Money_generic
--- FAIL: TestParseSingleLog_Airtel (0.00s)
    --- PASS: TestParseSingleLog_Airtel/Airtel_received (0.00s)
    --- FAIL: TestParseSingleLog_Airtel/Airtel_sent (0.00s)
    --- PASS: TestParseSingleLog_Airtel/Airtel_Money_generic (0.00s)
=== RUN   TestParseSingleLog_Hustler
=== RUN   TestParseSingleLog_Hustler/Hustler_Fund_loan
=== RUN   TestParseSingleLog_Hustler/Hustler_Fund_repay
=== RUN   TestParseSingleLog_Hustler/Hustler_Fund_sent_repayment
    parser_test.go:204: parseSingleLog() error = no Hustler pattern matched
--- FAIL: TestParseSingleLog_Hustler (0.00s)
    --- PASS: TestParseSingleLog_Hustler/Hustler_Fund_loan (0.00s)
    --- PASS: TestParseSingleLog_Hustler/Hustler_Fund_repay (0.00s)
    --- FAIL: TestParseSingleLog_Hustler/Hustler_Fund_sent_repayment (0.00s)
=== RUN   TestParseSingleLog_Okoa
=== RUN   TestParseSingleLog_Okoa/Okoa_received
=== RUN   TestParseSingleLog_Okoa/Okoa_debt
=== RUN   TestParseSingleLog_Okoa/Okoa_received_+_debt_combined
--- PASS: TestParseSingleLog_Okoa (0.00s)
    --- PASS: TestParseSingleLog_Okoa/Okoa_received (0.00s)
    --- PASS: TestParseSingleLog_Okoa/Okoa_debt (0.00s)
    --- PASS: TestParseSingleLog_Okoa/Okoa_received_+_debt_combined (0.00s)
=== RUN   TestParseSingleLog_MMF
=== RUN   TestParseSingleLog_MMF/M-Shwari_deposit
=== RUN   TestParseSingleLog_MMF/M-Shwari_withdraw
=== RUN   TestParseSingleLog_MMF/KCB_M-Pesa_save
=== RUN   TestParseSingleLog_MMF/Mali_invest
--- PASS: TestParseSingleLog_MMF (0.00s)
    --- PASS: TestParseSingleLog_MMF/M-Shwari_deposit (0.00s)
    --- PASS: TestParseSingleLog_MMF/M-Shwari_withdraw (0.00s)
    --- PASS: TestParseSingleLog_MMF/KCB_M-Pesa_save (0.00s)
    --- PASS: TestParseSingleLog_MMF/Mali_invest (0.00s)
=== RUN   TestParseSingleLog_DigitalLender
=== RUN   TestParseSingleLog_DigitalLender/Tala_loan
=== RUN   TestParseSingleLog_DigitalLender/Branch_disbursement
=== RUN   TestParseSingleLog_DigitalLender/Zenka_repayment
--- PASS: TestParseSingleLog_DigitalLender (0.00s)
    --- PASS: TestParseSingleLog_DigitalLender/Tala_loan (0.00s)
    --- PASS: TestParseSingleLog_DigitalLender/Branch_disbursement (0.00s)
    --- PASS: TestParseSingleLog_DigitalLender/Zenka_repayment (0.00s)
=== RUN   TestParseSingleLog_Gambling
=== RUN   TestParseSingleLog_Gambling/Betika
=== RUN   TestParseSingleLog_Gambling/SportPesa
=== RUN   TestParseSingleLog_Gambling/Mozzart
--- PASS: TestParseSingleLog_Gambling (0.00s)
    --- PASS: TestParseSingleLog_Gambling/Betika (0.00s)
    --- PASS: TestParseSingleLog_Gambling/SportPesa (0.00s)
    --- PASS: TestParseSingleLog_Gambling/Mozzart (0.00s)
=== RUN   TestParseLogs
--- PASS: TestParseLogs (0.00s)
=== RUN   TestParseLogs_ContextCancellation
--- PASS: TestParseLogs_ContextCancellation (0.00s)
=== RUN   TestTransactionType_String
=== RUN   TestTransactionType_String/MPESA_RECEIVED
=== RUN   TestTransactionType_String/AIRTEL_SENT
=== RUN   TestTransactionType_String/HUSTLER_LOAN
=== RUN   TestTransactionType_String/OKOA_RECEIVED
=== RUN   TestTransactionType_String/MMF_DEPOSIT
=== RUN   TestTransactionType_String/DIGITAL_LOAN
=== RUN   TestTransactionType_String/BANK_DEPOSIT
=== RUN   TestTransactionType_String/GAMBLING
=== RUN   TestTransactionType_String/UNKNOWN
--- PASS: TestTransactionType_String (0.00s)
    --- PASS: TestTransactionType_String/MPESA_RECEIVED (0.00s)
    --- PASS: TestTransactionType_String/AIRTEL_SENT (0.00s)
    --- PASS: TestTransactionType_String/HUSTLER_LOAN (0.00s)
    --- PASS: TestTransactionType_String/OKOA_RECEIVED (0.00s)
    --- PASS: TestTransactionType_String/MMF_DEPOSIT (0.00s)
    --- PASS: TestTransactionType_String/DIGITAL_LOAN (0.00s)
    --- PASS: TestTransactionType_String/BANK_DEPOSIT (0.00s)
    --- PASS: TestTransactionType_String/GAMBLING (0.00s)
    --- PASS: TestTransactionType_String/UNKNOWN (0.00s)
FAIL
FAIL	borehole/core/pkg/parser	0.525s
FAIL
